<?hh //partial

class Two extends One {
  public function foo() : <<__Soft>> int {
    return 2;
  }

  public function bar() : <<__Soft>> int {
    return 1;
  }

  public function usenum() {
    $x = new One();

    $x->noparameter(1);
  }
}
