[
  {
    "jsonrpc": "2.0",
    "id": 1,
    "result": {
      "capabilities": {
        "textDocumentSync": {
          "openClose": true,
          "change": 2,
          "willSave": false,
          "willSaveWaitUntil": false,
          "save": {
            "includeText": false
          }
        },
        "hoverProvider": true,
        "completionProvider": {
          "resolveProvider": false,
          "triggerCharacters": [
            "$",
            ">",
            "\\",
            ":",
            "<"
          ]
        },
        "definitionProvider": true,
        "referencesProvider": true,
        "documentHighlightProvider": true,
        "documentSymbolProvider": true,
        "workspaceSymbolProvider": true,
        "codeActionProvider": false,
        "documentFormattingProvider": true,
        "documentRangeFormattingProvider": true,
        "renameProvider": false,
        "typeCoverageProvider": true,
        "rageProvider": true
      }
    }
  },
  {
    "jsonrpc": "2.0",
    "method": "telemetry/event",
    "params": {
      "type": 4,
      "message": "Version in hhconfig=[NoVersion]"
    }
  },
  {
    "jsonrpc": "2.0",
    "id": 2,
    "result": {
      "isIncomplete": false,
      "items": [
        {
          "label": "ab:cd:alpha",
          "kind": 7,
          "detail": "class",
          "inlineDetail": "class",
          "insertText": "ab:cd:alpha",
          "insertTextFormat": 1
        },
        {
          "label": "ab:cd:text",
          "kind": 7,
          "detail": "class",
          "inlineDetail": "class",
          "insertText": "ab:cd:text",
          "insertTextFormat": 1
        }
      ]
    }
  },
  {
    "jsonrpc": "2.0",
    "id": 3,
    "result": {
      "isIncomplete": false,
      "items": [
        {
          "label": "ab:cd:alpha",
          "kind": 7,
          "detail": "class",
          "inlineDetail": "class",
          "insertText": "ab:cd:alpha",
          "insertTextFormat": 1
        },
        {
          "label": "ab:cd:text",
          "kind": 7,
          "detail": "class",
          "inlineDetail": "class",
          "insertText": "ab:cd:text",
          "insertTextFormat": 1
        }
      ]
    }
  },
  {
    "jsonrpc": "2.0",
    "id": 4,
    "result": {
      "isIncomplete": false,
      "items": [
        {
          "label": "width",
          "kind": 10,
          "detail": "?int",
          "inlineDetail": "?int",
          "insertText": "width",
          "insertTextFormat": 1
        },
        {
          "label": "color",
          "kind": 10,
          "detail": "?string",
          "inlineDetail": "?string",
          "insertText": "color",
          "insertTextFormat": 1
        }
      ]
    }
  },
  {
    "jsonrpc": "2.0",
    "id": 5,
    "result": {
      "isIncomplete": false,
      "items": [
        {
          "label": "width",
          "kind": 10,
          "detail": "?int",
          "inlineDetail": "?int",
          "insertText": "width",
          "insertTextFormat": 1
        },
        {
          "label": "color",
          "kind": 10,
          "detail": "?string",
          "inlineDetail": "?string",
          "insertText": "color",
          "insertTextFormat": 1
        }
      ]
    }
  },
  {
    "jsonrpc": "2.0",
    "id": 6,
    "result": {
      "isIncomplete": false,
      "items": [
        {
          "label": ":ab:cd:alpha",
          "kind": 4,
          "detail": "function(): :ab:cd:alpha",
          "inlineDetail": "()",
          "itemType": ":ab:cd:alpha",
          "insertText": ":ab:cd:alpha",
          "insertTextFormat": 1
        },
        {
          "label": ":ab:cd:text",
          "kind": 4,
          "detail": "function(): :ab:cd:text",
          "inlineDetail": "()",
          "itemType": ":ab:cd:text",
          "insertText": ":ab:cd:text",
          "insertTextFormat": 1
        }
      ]
    }
  },
  {
    "jsonrpc": "2.0",
    "id": 7,
    "result": {
      "isIncomplete": false,
      "items": [
        {
          "label": ":ab:cd:alpha",
          "kind": 4,
          "detail": "function(): :ab:cd:alpha",
          "inlineDetail": "()",
          "itemType": ":ab:cd:alpha",
          "insertText": ":ab:cd:alpha",
          "insertTextFormat": 1
        },
        {
          "label": ":ab:cd:text",
          "kind": 4,
          "detail": "function(): :ab:cd:text",
          "inlineDetail": "()",
          "itemType": ":ab:cd:text",
          "insertText": ":ab:cd:text",
          "insertTextFormat": 1
        }
      ]
    }
  },
  {
    "jsonrpc": "2.0",
    "id": 8,
    "result": {
      "isIncomplete": false,
      "items": [
        {
          "label": ":width",
          "kind": 10,
          "detail": "?int",
          "inlineDetail": "?int",
          "insertText": ":width",
          "insertTextFormat": 1
        },
        {
          "label": ":color",
          "kind": 10,
          "detail": "?string",
          "inlineDetail": "?string",
          "insertText": ":color",
          "insertTextFormat": 1
        }
      ]
    }
  },
  {
    "jsonrpc": "2.0",
    "id": 9,
    "result": {
      "isIncomplete": false,
      "items": [
        {
          "label": ":width",
          "kind": 10,
          "detail": "?int",
          "inlineDetail": "?int",
          "insertText": ":width",
          "insertTextFormat": 1
        },
        {
          "label": ":color",
          "kind": 10,
          "detail": "?string",
          "inlineDetail": "?string",
          "insertText": ":color",
          "insertTextFormat": 1
        }
      ]
    }
  },
  {
    "jsonrpc": "2.0",
    "id": 99,
    "result": null
  }
]
