[
  {
    "jsonrpc": "2.0",
    "id": 1,
    "result": {
      "capabilities": {
        "textDocumentSync": {
          "openClose": true,
          "change": 2,
          "willSave": false,
          "willSaveWaitUntil": false,
          "save": {
            "includeText": false
          }
        },
        "hoverProvider": true,
        "completionProvider": {
          "resolveProvider": true,
          "triggerCharacters": [
            "$",
            ">",
            "\\",
            ":",
            "<"
          ]
        },
        "definitionProvider": true,
        "referencesProvider": true,
        "documentHighlightProvider": true,
        "documentSymbolProvider": true,
        "workspaceSymbolProvider": true,
        "codeActionProvider": false,
        "documentFormattingProvider": true,
        "documentRangeFormattingProvider": true,
        "renameProvider": false,
        "typeCoverageProvider": true,
        "rageProvider": true
      }
    }
  },
  {
    "jsonrpc": "2.0",
    "id": 20,
    "result": {
      "isIncomplete": false,
      "items": [
        {
          "label": "ab:cd:alpha",
          "kind": 7,
          "detail": "class",
          "inlineDetail": "class",
          "insertText": "ab:cd:alpha",
          "insertTextFormat": 1,
          "data": {
            "filename": "${root_path}${path_sep}completion_extras.php",
            "line": 9,
            "char": 13,
            "base_class": null
          }
        },
        {
          "label": "ab:cd:text",
          "kind": 7,
          "detail": "class",
          "inlineDetail": "class",
          "insertText": "ab:cd:text",
          "insertTextFormat": 1,
          "data": {
            "filename": "${root_path}${path_sep}completion_extras.php",
            "line": 4,
            "char": 13,
            "base_class": null
          }
        }
      ]
    }
  },
  {
    "jsonrpc": "2.0",
    "id": 30,
    "result": {
      "isIncomplete": false,
      "items": [
        {
          "label": "ab:cd:alpha",
          "kind": 7,
          "detail": "class",
          "inlineDetail": "class",
          "insertText": "ab:cd:alpha",
          "insertTextFormat": 1,
          "data": {
            "filename": "${root_path}${path_sep}completion_extras.php",
            "line": 9,
            "char": 13,
            "base_class": null
          }
        },
        {
          "label": "ab:cd:text",
          "kind": 7,
          "detail": "class",
          "inlineDetail": "class",
          "insertText": "ab:cd:text",
          "insertTextFormat": 1,
          "data": {
            "filename": "${root_path}${path_sep}completion_extras.php",
            "line": 4,
            "char": 13,
            "base_class": null
          }
        }
      ]
    }
  },
  {
    "jsonrpc": "2.0",
    "id": 32,
    "result": {
      "isIncomplete": false,
      "items": []
    }
  },
  {
    "jsonrpc": "2.0",
    "id": 40,
    "result": {
      "isIncomplete": false,
      "items": [
        {
          "label": "width",
          "kind": 10,
          "detail": "?int",
          "inlineDetail": "?int",
          "insertText": "width",
          "insertTextFormat": 1,
          "data": {
            "filename": "${root_path}${path_sep}completion_extras.php",
            "line": 5,
            "char": 27,
            "base_class": "\\:ab:cd:text"
          }
        },
        {
          "label": "color",
          "kind": 10,
          "detail": "?string",
          "inlineDetail": "?string",
          "insertText": "color",
          "insertTextFormat": 1,
          "data": {
            "filename": "${root_path}${path_sep}completion_extras.php",
            "line": 5,
            "char": 13,
            "base_class": "\\:ab:cd:text"
          }
        }
      ]
    }
  },
  {
    "jsonrpc": "2.0",
    "id": 50,
    "result": {
      "isIncomplete": false,
      "items": [
        {
          "label": "width",
          "kind": 10,
          "detail": "?int",
          "inlineDetail": "?int",
          "insertText": "width",
          "insertTextFormat": 1,
          "data": {
            "filename": "${root_path}${path_sep}completion_extras.php",
            "line": 5,
            "char": 27,
            "base_class": "\\:ab:cd:text"
          }
        },
        {
          "label": "color",
          "kind": 10,
          "detail": "?string",
          "inlineDetail": "?string",
          "insertText": "color",
          "insertTextFormat": 1,
          "data": {
            "filename": "${root_path}${path_sep}completion_extras.php",
            "line": 5,
            "char": 13,
            "base_class": "\\:ab:cd:text"
          }
        }
      ]
    }
  },
  {
    "jsonrpc": "2.0",
    "id": 60,
    "result": {
      "isIncomplete": false,
      "items": [
        {
          "label": ":ab:cd:alpha",
          "kind": 4,
          "detail": "function(): :ab:cd:alpha",
          "inlineDetail": "()",
          "itemType": ":ab:cd:alpha",
          "insertText": ":ab:cd:alpha",
          "insertTextFormat": 1,
          "data": {
            "filename": "${root_path}${path_sep}completion_extras.php",
            "line": 9,
            "char": 13,
            "base_class": "\\:ab:cd:alpha"
          }
        },
        {
          "label": ":ab:cd:text",
          "kind": 4,
          "detail": "function(): :ab:cd:text",
          "inlineDetail": "()",
          "itemType": ":ab:cd:text",
          "insertText": ":ab:cd:text",
          "insertTextFormat": 1,
          "data": {
            "filename": "${root_path}${path_sep}completion_extras.php",
            "line": 4,
            "char": 13,
            "base_class": "\\:ab:cd:text"
          }
        }
      ]
    }
  },
  {
    "jsonrpc": "2.0",
    "id": 70,
    "result": {
      "isIncomplete": false,
      "items": [
        {
          "label": ":ab:cd:alpha",
          "kind": 4,
          "detail": "function(): :ab:cd:alpha",
          "inlineDetail": "()",
          "itemType": ":ab:cd:alpha",
          "insertText": ":ab:cd:alpha",
          "insertTextFormat": 1,
          "data": {
            "filename": "${root_path}${path_sep}completion_extras.php",
            "line": 9,
            "char": 13,
            "base_class": "\\:ab:cd:alpha"
          }
        },
        {
          "label": ":ab:cd:text",
          "kind": 4,
          "detail": "function(): :ab:cd:text",
          "inlineDetail": "()",
          "itemType": ":ab:cd:text",
          "insertText": ":ab:cd:text",
          "insertTextFormat": 1,
          "data": {
            "filename": "${root_path}${path_sep}completion_extras.php",
            "line": 4,
            "char": 13,
            "base_class": "\\:ab:cd:text"
          }
        }
      ]
    }
  },
  {
    "jsonrpc": "2.0",
    "id": 80,
    "result": {
      "label": ":ab:cd:alpha",
      "kind": 4,
      "detail": "function(): :ab:cd:alpha",
      "inlineDetail": "()",
      "itemType": ":ab:cd:alpha",
      "documentation": ":ab:cd:alpha docblock",
      "insertText": ":ab:cd:alpha",
      "insertTextFormat": 1,
      "data": {
        "filename": "${root_path}${path_sep}completion_extras.php",
        "line": 9,
        "char": 13
      }
    }
  },
  {
    "jsonrpc": "2.0",
    "id": 90,
    "result": {
      "isIncomplete": false,
      "items": [
        {
          "label": ":width",
          "kind": 10,
          "detail": "?int",
          "inlineDetail": "?int",
          "insertText": ":width",
          "insertTextFormat": 1,
          "data": {
            "filename": "${root_path}${path_sep}completion_extras.php",
            "line": 5,
            "char": 27,
            "base_class": "\\:ab:cd:text"
          }
        },
        {
          "label": ":color",
          "kind": 10,
          "detail": "?string",
          "inlineDetail": "?string",
          "insertText": ":color",
          "insertTextFormat": 1,
          "data": {
            "filename": "${root_path}${path_sep}completion_extras.php",
            "line": 5,
            "char": 13,
            "base_class": "\\:ab:cd:text"
          }
        }
      ]
    }
  },
  {
    "jsonrpc": "2.0",
    "id": 100,
    "result": {
      "isIncomplete": false,
      "items": [
        {
          "label": ":width",
          "kind": 10,
          "detail": "?int",
          "inlineDetail": "?int",
          "insertText": ":width",
          "insertTextFormat": 1,
          "data": {
            "filename": "${root_path}${path_sep}completion_extras.php",
            "line": 5,
            "char": 27,
            "base_class": "\\:ab:cd:text"
          }
        },
        {
          "label": ":color",
          "kind": 10,
          "detail": "?string",
          "inlineDetail": "?string",
          "insertText": ":color",
          "insertTextFormat": 1,
          "data": {
            "filename": "${root_path}${path_sep}completion_extras.php",
            "line": 5,
            "char": 13,
            "base_class": "\\:ab:cd:text"
          }
        }
      ]
    }
  },
  {
    "jsonrpc": "2.0",
    "id": 110,
    "result": {
      "isIncomplete": false,
      "items": [
        {
          "label": "test_function",
          "kind": 3,
          "detail": "function(): void",
          "inlineDetail": "()",
          "itemType": "void",
          "insertText": "test_function",
          "insertTextFormat": 1,
          "data": {
            "filename": "${root_path}${path_sep}completion.php",
            "line": 8,
            "char": 10,
            "base_class": null
          }
        }
      ]
    }
  },
  {
    "jsonrpc": "2.0",
    "id": 120,
    "result": {
      "label": "test_function",
      "kind": 3,
      "detail": "function(): void",
      "inlineDetail": "()",
      "itemType": "void",
      "documentation": "test_function docblock.",
      "insertText": "test_function",
      "insertTextFormat": 1,
      "data": {
        "filename": "${root_path}${path_sep}completion.php",
        "line": 8,
        "char": 10
      }
    }
  },
  {
    "jsonrpc": "2.0",
    "id": 130,
    "result": {
      "isIncomplete": false,
      "items": []
    }
  },
  {
    "jsonrpc": "2.0",
    "id": 140,
    "result": {
      "isIncomplete": false,
      "items": [
        {
          "label": "class",
          "kind": 12,
          "detail": "classname<this>",
          "inlineDetail": "classname<this>",
          "insertText": "class",
          "insertTextFormat": 1,
          "data": {
            "filename": "${root_path}${path_sep}completion_extras.php",
            "line": 13,
            "char": 6,
            "base_class": "\\Elsa"
          }
        },
        {
          "label": "Bard",
          "kind": 12,
          "detail": "enum Elsa",
          "inlineDetail": "enum Elsa",
          "insertText": "Bard",
          "insertTextFormat": 1,
          "data": {
            "filename": "${root_path}${path_sep}completion_extras.php",
            "line": 13,
            "char": 12,
            "base_class": "\\Elsa"
          }
        },
        {
          "label": "Alonso",
          "kind": 12,
          "detail": "enum Elsa",
          "inlineDetail": "enum Elsa",
          "insertText": "Alonso",
          "insertTextFormat": 1,
          "data": {
            "filename": "${root_path}${path_sep}completion_extras.php",
            "line": 13,
            "char": 12,
            "base_class": "\\Elsa"
          }
        },
        {
          "label": "isValid",
          "kind": 2,
          "detail": "function(mixed $value): bool",
          "inlineDetail": "(mixed $value)",
          "itemType": "bool",
          "insertText": "isValid",
          "insertTextFormat": 1,
          "data": {
            "filename": "${hhi_path}${path_sep}BuiltinEnum.hhi",
            "line": 46,
            "char": 32,
            "base_class": "\\Elsa"
          }
        },
        {
          "label": "getValues",
          "kind": 2,
          "detail": "function(): array<string, enum Elsa>",
          "inlineDetail": "()",
          "itemType": "array<string, enum Elsa>",
          "insertText": "getValues",
          "insertTextFormat": 1,
          "data": {
            "filename": "${hhi_path}${path_sep}BuiltinEnum.hhi",
            "line": 33,
            "char": 32,
            "base_class": "\\Elsa"
          }
        },
        {
          "label": "getNames",
          "kind": 2,
          "detail": "function(): array<enum Elsa, string>",
          "inlineDetail": "()",
          "itemType": "array<enum Elsa, string>",
          "insertText": "getNames",
          "insertTextFormat": 1,
          "data": {
            "filename": "${hhi_path}${path_sep}BuiltinEnum.hhi",
            "line": 41,
            "char": 32,
            "base_class": "\\Elsa"
          }
        },
        {
          "label": "coerce",
          "kind": 2,
          "detail": "function(mixed $value): ?enum Elsa",
          "inlineDetail": "(mixed $value)",
          "itemType": "?enum Elsa",
          "insertText": "coerce",
          "insertTextFormat": 1,
          "data": {
            "filename": "${hhi_path}${path_sep}BuiltinEnum.hhi",
            "line": 52,
            "char": 32,
            "base_class": "\\Elsa"
          }
        },
        {
          "label": "assertAll",
          "kind": 2,
          "detail": "function(Traversable<mixed> $values): Container<enum Elsa>",
          "inlineDetail": "(Traversable<mixed> $values)",
          "itemType": "Container<enum Elsa>",
          "insertText": "assertAll",
          "insertTextFormat": 1,
          "data": {
            "filename": "${hhi_path}${path_sep}BuiltinEnum.hhi",
            "line": 64,
            "char": 32,
            "base_class": "\\Elsa"
          }
        },
        {
          "label": "assert",
          "kind": 2,
          "detail": "function(mixed $value): enum Elsa",
          "inlineDetail": "(mixed $value)",
          "itemType": "enum Elsa",
          "insertText": "assert",
          "insertTextFormat": 1,
          "data": {
            "filename": "${hhi_path}${path_sep}BuiltinEnum.hhi",
            "line": 58,
            "char": 32,
            "base_class": "\\Elsa"
          }
        }
      ]
    }
  },
  {
    "jsonrpc": "2.0",
    "id": 150,
    "result": {
      "isIncomplete": false,
      "items": []
    }
  },
  {
    "jsonrpc": "2.0",
    "id": 999,
    "result": null
  },
  {
    "jsonrpc": "2.0",
    "method": "telemetry/event",
    "params": {
      "type": 4,
      "message": "Version in hhconfig=[NoVersion]"
    }
  }
]
