[
  {
    "jsonrpc": "2.0",
    "id": 1,
    "result": {
      "capabilities": {
        "textDocumentSync": {
          "openClose": true,
          "change": 2,
          "willSave": false,
          "willSaveWaitUntil": false,
          "save": {
            "includeText": false
          }
        },
        "hoverProvider": true,
        "completionProvider": {
          "resolveProvider": false,
          "triggerCharacters": [
            "$",
            ">",
            "\\",
            ":"
          ]
        },
        "definitionProvider": true,
        "referencesProvider": true,
        "documentHighlightProvider": true,
        "documentSymbolProvider": true,
        "workspaceSymbolProvider": true,
        "codeActionProvider": false,
        "documentFormattingProvider": true,
        "documentRangeFormattingProvider": true,
        "renameProvider": false,
        "typeCoverageProvider": true
      }
    }
  },
  {
    "jsonrpc": "2.0",
    "id": 2,
    "error": {
      "code": -32601,
      "message": "not implemented: textDocument/nonExistingMethod",
      "data": {
        "stack": "Raised at file \"/data/users/chrishahn/fbsource/fbcode/hphp/hack/src/client/clientLsp.ml\", line 1514, characters 10-40\nCalled from file \"/data/users/chrishahn/fbsource/fbcode/hphp/hack/src/client/clientLsp.ml\", line 1575, characters 21-60\n"
      }
    }
  },
  {
    "jsonrpc": "2.0",
    "id": 3,
    "result": null
  }
]