[
  {
    "jsonrpc": "2.0",
    "id": 1,
    "result": {
      "capabilities": {
        "textDocumentSync": {
          "openClose": true,
          "change": 2,
          "willSave": false,
          "willSaveWaitUntil": false,
          "save": {
            "includeText": false
          }
        },
        "hoverProvider": true,
        "completionProvider": {
          "resolveProvider": true,
          "triggerCharacters": [
            "$",
            ">",
            "\\",
            ":",
            "<",
            "[",
            "'",
            "\""
          ]
        },
        "signatureHelpProvider": {
          "triggerCharacters": [
            "(",
            ","
          ]
        },
        "definitionProvider": true,
        "typeDefinitionProvider": true,
        "referencesProvider": true,
        "documentHighlightProvider": true,
        "documentSymbolProvider": true,
        "workspaceSymbolProvider": true,
        "codeActionProvider": false,
        "documentFormattingProvider": true,
        "documentRangeFormattingProvider": true,
        "documentOnTypeFormattingProvider": {
          "firstTriggerCharacter": ";",
          "moreTriggerCharacter": [
            "}"
          ]
        },
        "renameProvider": true,
        "typeCoverageProvider": true,
        "rageProvider": true
      }
    }
  },
  {
    "jsonrpc": "2.0",
    "id": 2,
    "result": [
      {
        "range": {
          "start": {
            "line": 4,
            "character": 0
          },
          "end": {
            "line": 5,
            "character": 0
          }
        },
        "newText": "     $a = \"this\";\n"
      }
    ]
  },
  {
    "jsonrpc": "2.0",
    "id": 3,
    "result": null
  }
]
