[
  {
    "jsonrpc": "2.0",
    "id": 1,
    "result": {
      "capabilities": {
        "textDocumentSync": {
          "openClose": true,
          "change": 2,
          "willSave": false,
          "willSaveWaitUntil": false,
          "save": {
            "includeText": false
          }
        },
        "hoverProvider": true,
        "completionProvider": {
          "resolveProvider": true,
          "triggerCharacters": [
            "$",
            ">",
            "\\",
            ":",
            "<",
            "[",
            "'",
            "\""
          ]
        },
        "signatureHelpProvider": {
          "triggerCharacters": [
            "(",
            ","
          ]
        },
        "definitionProvider": true,
        "typeDefinitionProvider": true,
        "referencesProvider": true,
        "documentHighlightProvider": true,
        "documentSymbolProvider": true,
        "workspaceSymbolProvider": true,
        "codeActionProvider": false,
        "documentFormattingProvider": true,
        "documentRangeFormattingProvider": true,
        "documentOnTypeFormattingProvider": {
          "firstTriggerCharacter": ";",
          "moreTriggerCharacter": [
            "}"
          ]
        },
        "renameProvider": true,
        "typeCoverageProvider": true,
        "rageProvider": true
      }
    }
  },
  {
    "jsonrpc": "2.0",
    "method": "telemetry/event",
    "params": {
      "type": 1,
      "message": "connect failed: No_server_running_should_retry [-32001] [remaining 11 lines truncated for testing...]"
    }
  },
  {
    "jsonrpc": "2.0",
    "id": 1,
    "method": "client/registerCapability",
    "params": {
      "registrations": [
        {
          "id": "did-change-watched-files",
          "method": "workspace/didChangeWatchedFiles",
          "registerOptions": {
            "watchers": [
              {
                "globPattern": "**",
                "kind": 7
              }
            ]
          }
        }
      ]
    }
  },
  {
    "jsonrpc": "2.0",
    "id": 2,
    "result": {
      "contents": [
        {
          "language": "hack",
          "value": "int"
        },
        "A comment describing b_hover."
      ],
      "range": {
        "start": {
          "line": 3,
          "character": 9
        },
        "end": {
          "line": 3,
          "character": 16
        }
      }
    },
    "powered_by": "serverless_ide"
  },
  {
    "jsonrpc": "2.0",
    "id": 3,
    "result": null,
    "powered_by": "serverless_ide"
  },
  {
    "jsonrpc": "2.0",
    "id": 4,
    "result": null,
    "powered_by": "serverless_ide"
  },
  {
    "jsonrpc": "2.0",
    "id": 5,
    "result": null,
    "powered_by": "serverless_ide"
  },
  {
    "jsonrpc": "2.0",
    "id": 6,
    "result": null,
    "powered_by": "serverless_ide"
  },
  {
    "jsonrpc": "2.0",
    "id": 7,
    "result": null,
    "powered_by": "serverless_ide"
  },
  {
    "jsonrpc": "2.0",
    "id": 8,
    "result": {
      "contents": [
        {
          "language": "hack",
          "value": "int"
        },
        "Another comment describing b_hover."
      ],
      "range": {
        "start": {
          "line": 3,
          "character": 9
        },
        "end": {
          "line": 3,
          "character": 16
        }
      }
    },
    "powered_by": "serverless_ide"
  },
  {
    "jsonrpc": "2.0",
    "id": 99,
    "result": null
  },
  {
    "jsonrpc": "2.0",
    "method": "telemetry/event",
    "params": {
      "type": 1,
      "message": "hh_server stopped [-32800] [remaining 5 lines truncated for testing...]"
    }
  },
  {
    "jsonrpc": "2.0",
    "method": "telemetry/event",
    "params": {
      "type": 1,
      "message": "hh_server stopped [-32800] [remaining 5 lines truncated for testing...]"
    }
  }
]
